run1.out
run2.out
run3.out
run4.out
run5.out
run6.out
run7.out
run8.out
run9.out
run10.out
run11.out
run12.out
run13.out
run14.out
run15.out
run16.out
run17.out
run18.out
run19.out
run20.out
run21.out
run22.out
run23.out
run24.out
run25.out
run26.out
run27.out
run28.out
run29.out
run30.out
run31.out
run32.out
run33.out
run34.out
run35.out
run36.out
run37.out
run38.out
run39.out
run40.out
run41.out
run42.out
run43.out
run44.out
run45.out
run46.out
run47.out
run48.out
run49.out
run50.out
run51.out
run52.out
run53.out
run54.out
run55.out
run56.out
run57.out
run58.out
run59.out
run60.out
run61.out
run62.out
run63.out
run64.out
run65.out
run66.out
run67.out
run68.out
run69.out
run70.out
run71.out
run72.out
run73.out
run74.out
run75.out
run76.out
run77.out
run78.out
run79.out
run80.out
run81.out
run82.out
run83.out
run84.out
run85.out
run86.out
run87.out
run88.out
run89.out
run90.out
run91.out
run92.out
run93.out
run94.out
run95.out
run96.out
run97.out
run98.out
run99.out
run100.out
run101.out
run102.out
run103.out
run104.out
run105.out
run106.out
run107.out
run108.out
run109.out
run110.out
run111.out
run112.out
run113.out
run114.out
run115.out
run116.out
run117.out
run118.out
run119.out
run120.out
run121.out
run122.out
run123.out
run124.out
run125.out
run126.out
run127.out
run128.out
run129.out
run130.out
run131.out
run132.out
run133.out
run134.out
run135.out
run136.out
run137.out
run138.out
run139.out
run140.out
run141.out
run142.out
run143.out
run144.out
run145.out
run146.out
run147.out
run148.out
run149.out
run150.out
run151.out
run152.out
run153.out
run154.out
run155.out
run156.out
run157.out
run158.out
run159.out
run160.out
run161.out
run162.out
run163.out
run164.out
run165.out
run166.out
run167.out
run168.out
run169.out
run170.out
run171.out
run172.out
run173.out
run174.out
